[2026-06-01 22:41:32:139 ERROR] [Scripting] [BetterOnBedrockJCP] InvalidArgumentError: Invalid type passed to argument [0]. Expected type: number    at releaseStaffs (functionality/items/staffs.js:409) at <anonymous> (scripting_events/after_events/item-release-use.js:9)


[2026-06-02 02:09:14:444 ERROR] [Scripting] [BetterOnBedrockJCP] InvalidEntityError: Failed to get property 'dimension' due to Entity being invalid (has the Entity been removed?).    at applyEnchantments (functionality/enchanted/main.js:11) at <anonymous> (scripting_events/after_events/entity-hit.js:10)


[2026-06-02 02:43:04:913 ERROR] [Scripting] [BetterOnBedrockJCP] InvalidEntityError: Failed to get property 'dimension' due to Entity being invalid (has the Entity been removed?).    at applyEnchantments (functionality/enchanted/main.js:11) at <anonymous> (scripting_events/after_events/entity-hit.js:10)
	
	
[2026-06-02 23:05:14:817 ERROR] [Scripting] [BetterOnBedrockJCP] LocationOutOfWorldBoundariesError: Trying to access location (-237.0, 323.0, 192.0) which is outside of the world boundaries.    at portalNearby (functionality/items/backpacks.js:37)
    at portalNearbyMemoized (functionality/items/backpacks.js:54)
    at <anonymous> (functionality/items/backpacks.js:627)


[2026-06-02 23:05:15:063 ERROR] [Scripting] [BetterOnBedrockJCP] LocationOutOfWorldBoundariesError: Trying to access location (-236.0, 328.0, 192.0) which is outside of the world boundaries.    at portalNearby (functionality/items/backpacks.js:37)
    at portalNearbyMemoized (functionality/items/backpacks.js:54)
    at <anonymous> (functionality/items/backpacks.js:627)


[2026-06-02 23:05:15:315 ERROR] [Scripting] [BetterOnBedrockJCP] LocationOutOfWorldBoundariesError: Trying to access location (-235.0, 331.0, 192.0) which is outside of the world boundaries.    at portalNearby (functionality/items/backpacks.js:37)
    at portalNearbyMemoized (functionality/items/backpacks.js:54)
    at <anonymous> (functionality/items/backpacks.js:627)


[2026-06-02 23:05:15:571 ERROR] [Scripting] [BetterOnBedrockJCP] LocationOutOfWorldBoundariesError: Trying to access location (-234.0, 332.0, 191.0) which is outside of the world boundaries.    at portalNearby (functionality/items/backpacks.js:37)
    at portalNearbyMemoized (functionality/items/backpacks.js:54)
    at <anonymous> (functionality/items/backpacks.js:627)


[2026-06-02 23:05:15:819 ERROR] [Scripting] [BetterOnBedrockJCP] LocationOutOfWorldBoundariesError: Trying to access location (-233.0, 331.0, 191.0) which is outside of the world boundaries.    at portalNearby (functionality/items/backpacks.js:37)
    at portalNearbyMemoized (functionality/items/backpacks.js:54)
    at <anonymous> (functionality/items/backpacks.js:627)


[2026-06-02 23:05:16:062 ERROR] [Scripting] [BetterOnBedrockJCP] LocationOutOfWorldBoundariesError: Trying to access location (-232.0, 329.0, 190.0) which is outside of the world boundaries.    at portalNearby (functionality/items/backpacks.js:37)
    at portalNearbyMemoized (functionality/items/backpacks.js:54)
    at <anonymous> (functionality/items/backpacks.js:627)


[2026-06-02 23:05:16:313 ERROR] [Scripting] [BetterOnBedrockJCP] LocationOutOfWorldBoundariesError: Trying to access location (-231.0, 324.0, 189.0) which is outside of the world boundaries.    at portalNearby (functionality/items/backpacks.js:37)
    at portalNearbyMemoized (functionality/items/backpacks.js:54)
    at <anonymous> (functionality/items/backpacks.js:627)


[2026-06-02 23:05:26:820 ERROR] [Scripting] [BetterOnBedrockJCP] LocationOutOfWorldBoundariesError: Trying to access location (-260.0, 325.0, 143.0) which is outside of the world boundaries.    at portalNearby (functionality/items/backpacks.js:37)
    at portalNearbyMemoized (functionality/items/backpacks.js:54)
    at <anonymous> (functionality/items/backpacks.js:627)


[2026-06-02 23:05:27:063 ERROR] [Scripting] [BetterOnBedrockJCP] LocationOutOfWorldBoundariesError: Trying to access location (-260.0, 332.0, 143.0) which is outside of the world boundaries.    at portalNearby (functionality/items/backpacks.js:37)
    at portalNearbyMemoized (functionality/items/backpacks.js:54)
    at <anonymous> (functionality/items/backpacks.js:627)


[2026-06-02 23:05:27:314 ERROR] [Scripting] [BetterOnBedrockJCP] LocationOutOfWorldBoundariesError: Trying to access location (-260.0, 335.0, 143.0) which is outside of the world boundaries.    at portalNearby (functionality/items/backpacks.js:37)
    at portalNearbyMemoized (functionality/items/backpacks.js:54)
    at <anonymous> (functionality/items/backpacks.js:627)


[2026-06-02 23:05:27:561 ERROR] [Scripting] [BetterOnBedrockJCP] LocationOutOfWorldBoundariesError: Trying to access location (-260.0, 337.0, 143.0) which is outside of the world boundaries.    at portalNearby (functionality/items/backpacks.js:37)
    at portalNearbyMemoized (functionality/items/backpacks.js:54)
    at <anonymous> (functionality/items/backpacks.js:627)


[2026-06-02 23:05:27:824 ERROR] [Scripting] [BetterOnBedrockJCP] LocationOutOfWorldBoundariesError: Trying to access location (-260.0, 337.0, 143.0) which is outside of the world boundaries.    at portalNearby (functionality/items/backpacks.js:37)
    at portalNearbyMemoized (functionality/items/backpacks.js:54)
    at <anonymous> (functionality/items/backpacks.js:627)


[2026-06-02 23:05:28:067 ERROR] [Scripting] [BetterOnBedrockJCP] LocationOutOfWorldBoundariesError: Trying to access location (-260.0, 335.0, 143.0) which is outside of the world boundaries.    at portalNearby (functionality/items/backpacks.js:37)
    at portalNearbyMemoized (functionality/items/backpacks.js:54)
    at <anonymous> (functionality/items/backpacks.js:627)


[2026-06-02 23:05:28:314 ERROR] [Scripting] [BetterOnBedrockJCP] LocationOutOfWorldBoundariesError: Trying to access location (-260.0, 332.0, 143.0) which is outside of the world boundaries.    at portalNearby (functionality/items/backpacks.js:37)
    at portalNearbyMemoized (functionality/items/backpacks.js:54)
    at <anonymous> (functionality/items/backpacks.js:627)


[2026-06-02 23:05:28:559 ERROR] [Scripting] [BetterOnBedrockJCP] LocationOutOfWorldBoundariesError: Trying to access location (-260.0, 327.0, 143.0) which is outside of the world boundaries.    at portalNearby (functionality/items/backpacks.js:37)
    at portalNearbyMemoized (functionality/items/backpacks.js:54)
    at <anonymous> (functionality/items/backpacks.js:627)
	

	
	
	
	
	